扫描 train …
train 拟合行 252,060(降权后等效 222,571),mate 另计 39,475,裁剪 1,989,坏行 0
扫描 val(存稀疏特征)…
val 拟合行 25,784,mate 对照行 4216
覆盖度闸门:冻结 20 个参数(子力 10 个 + PST 出现 <200 次的格,保持手写初值),钉参考格+恒零格 34 个
自由参数 437 个(共 491)

λ 扫描(自由参数对角均值 17676.6):
  λ=        2  val MSE 106047.8  R² 0.2024
  λ=       18  val MSE 104623.3  R² 0.2131
  λ=       53  val MSE 103384.4  R² 0.2225
  λ=      177  val MSE 102215.7  R² 0.2312
  λ=      530  val MSE 101805.6  R² 0.2343
  λ=     1768  val MSE 102403.5  R² 0.2298
  λ=     5303  val MSE 103685.9  R² 0.2202
  λ=    17677  val MSE 105151.8  R² 0.2092
  λ=    53030  val MSE 106138.9  R² 0.2017
  λ=   176766  val MSE 107024.5  R² 0.1951
平局偏好:λ 从 530 提到 1768(MSE 101805.6 → 102403.5,≤1% 损失)
选定 λ=1768(val MSE 102403.5,R² 0.2298)
投影第 1 轮:6 个非正参数冻结回先验,重拟合

=== sanity check ===
  子力 MG P/N/B/R/Q          100/270/310/498/888   冻结手写值(钉格基:轻子值=离开 a1 的价值)
  子力 EG P/N/B/R/Q          110/265/315/542/930
  tempo                         37   应 >0
  双象 MG/EG                    5/71   应 >0
  叠兵罚 MG/EG                  20/39   应 >0(罚分幅值)
  孤立兵罚 MG/EG                 14/24   应 >0(罚分幅值)
  王盾罚 MG                        37   应 >0(罚分幅值)
  机动性 MG N/B/R/Q           2/6/2/1   应 >0
  机动性 EG N/B/R/Q           23/16/4/39   应 >0
  通路兵 MG 横线2..7  3/6/12/24/54/66   应>0 且随横线不减
  通路兵 EG 横线2..7  27/38/59/80/124/149   同上
  王区威胁 N/B/R/Q+缩放 26/8/6/29/22   应 ≥0
✓ 全部符号符合预期
✓ 通路兵随横线单调不减
  子力差分(开局减子,负值越大越合理):
    −兵  -54
    −马  -216
    −象  -216
    −车  -465
    −后  -852
拟合 PST 与手写初值的相关系数 r = 0.850(自由 PST 格)
mate 符号对照(4216 行):拟合 80.4% 同向,手写初值 76.7% 同向

尺度:子力冻结手写值(兵 MG=100),不做缩放;经验平均兵值体检 = 89.4(PST 漂移所致)
最终(取整后)val MSE 102765.9  R² 0.2271
参考:恒零预测的 MSE = 132962.7(R²=0 基线)

已写出 data/fitted-params.json 与 data/fitted-params.js.txt
